
[RH2] Loading dataset/Small/test_benchmark_5_2_4/test_P5_L2_T4_6.json...

Starting RH2 MILP Baseline (Periods: 4, Lookahead: 3)
Per | Total ($) |     Inv | Backlog |    Prod |   Setup |   PM/CM | Time(s)
---------------------------------------------------------------------------
  1 |    539.11 |    0.00 |    0.00 |  407.47 |  128.58 |    3.06 |    8.8
  2 |    651.02 |    0.00 |    0.00 |  592.93 |   53.25 |    4.83 |    1.7
  3 |    369.51 |    0.00 |    0.00 |  289.53 |   77.48 |    2.51 |    0.8
  4 |    783.00 |    0.00 |    0.00 |  698.68 |   78.95 |    5.37 |    0.2

=====================================================================================
 🏭 DETAILED RH2 SCHEDULE ANALYSIS (WHAT THE SOLVER DECIDED)
=====================================================================================

[ PERIOD 1 ] - Demand for today: [39, 114, 78, 27, 14]
--------------------------------------------------
MACHINE ACTIONS:
  Line 0: 📦 Prod 2 (Qty: 78), 📦 Prod 3 (Qty: 27), 📦 Prod 4 (Qty: 14)
  Line 1: 📦 Prod 0 (Qty: 39), 📦 Prod 1 (Qty: 114)

END OF DAY STATUS:
  Prod 0 | Demand:   39 | Inventory:    0 | Backlog:    0
  Prod 1 | Demand:  114 | Inventory:    0 | Backlog:    0
  Prod 2 | Demand:   78 | Inventory:    0 | Backlog:    0
  Prod 3 | Demand:   27 | Inventory:    0 | Backlog:    0
  Prod 4 | Demand:   14 | Inventory:    0 | Backlog:    0
=====================================================================================

[ PERIOD 2 ] - Demand for today: [0, 80, 148, 87, 91]
--------------------------------------------------
MACHINE ACTIONS:
  Line 0: 📦 Prod 2 (Qty: 148), 📦 Prod 3 (Qty: 87)
  Line 1: 📦 Prod 1 (Qty: 80), 📦 Prod 4 (Qty: 91)

END OF DAY STATUS:
  Prod 1 | Demand:   80 | Inventory:    0 | Backlog:    0
  Prod 2 | Demand:  148 | Inventory:    0 | Backlog:    0
  Prod 3 | Demand:   87 | Inventory:    0 | Backlog:    0
  Prod 4 | Demand:   91 | Inventory:    0 | Backlog:    0
=====================================================================================

[ PERIOD 3 ] - Demand for today: [23, 22, 57, 80, 18]
--------------------------------------------------
MACHINE ACTIONS:
  Line 0: 📦 Prod 0 (Qty: 23), 📦 Prod 2 (Qty: 57), 📦 Prod 3 (Qty: 80)
  Line 1: 📦 Prod 1 (Qty: 22), 📦 Prod 4 (Qty: 18)

END OF DAY STATUS:
  Prod 0 | Demand:   23 | Inventory:    0 | Backlog:    0
  Prod 1 | Demand:   22 | Inventory:    0 | Backlog:    0
  Prod 2 | Demand:   57 | Inventory:    0 | Backlog:    0
  Prod 3 | Demand:   80 | Inventory:    0 | Backlog:    0
  Prod 4 | Demand:   18 | Inventory:    0 | Backlog:    0
=====================================================================================

[ PERIOD 4 ] - Demand for today: [135, 61, 142, 99, 42]
--------------------------------------------------
MACHINE ACTIONS:
  Line 0: 📦 Prod 2 (Qty: 142), 📦 Prod 3 (Qty: 99)
  Line 1: 📦 Prod 0 (Qty: 135), 📦 Prod 1 (Qty: 61), 📦 Prod 4 (Qty: 42)

END OF DAY STATUS:
  Prod 0 | Demand:  135 | Inventory:    0 | Backlog:    0
  Prod 1 | Demand:   61 | Inventory:    0 | Backlog:    0
  Prod 2 | Demand:  142 | Inventory:    0 | Backlog:    0
  Prod 3 | Demand:   99 | Inventory:    0 | Backlog:    0
  Prod 4 | Demand:   42 | Inventory:    0 | Backlog:    0
=====================================================================================

=======================================================
 RH2 BASELINE FINAL RESULTS (Total Time: 11.4s)
=======================================================
  Inventory Cost    :  $      0.00
  Backlog Cost      :  $      0.00
  Production Cost   :  $   1988.61
  Setup Cost        :  $    338.27
  Maintenance Cost  :  $     15.76
-------------------------------------------------------
  TOTAL COST        :  $   2342.64
=======================================================

✅ Exported Expert Action Data to rh2_expert_data.json
