
[RH2] Loading dataset/Small/test_benchmark_5_2_4/test_P5_L2_T4_7.json...

Starting RH2 MILP Baseline (Periods: 4, Lookahead: 3)
Per | Total ($) |     Inv | Backlog |    Prod |   Setup |   PM/CM | Time(s)
---------------------------------------------------------------------------
  1 |    667.56 |    0.00 |    0.00 |  529.45 |  134.55 |    3.55 |    3.5
  2 |    735.37 |    0.00 |    0.00 |  625.39 |  105.84 |    4.14 |    1.7
  3 |    711.64 |    3.50 |    0.00 |  597.14 |  106.96 |    4.04 |    0.7
  4 |    416.51 |    0.00 |    0.00 |  308.69 |  105.84 |    1.98 |    0.1

=====================================================================================
 🏭 DETAILED RH2 SCHEDULE ANALYSIS (WHAT THE SOLVER DECIDED)
=====================================================================================

[ PERIOD 1 ] - Demand for today: [104, 144, 13, 32, 90]
--------------------------------------------------
MACHINE ACTIONS:
  Line 0: 📦 Prod 0 (Qty: 104), 📦 Prod 1 (Qty: 144), 📦 Prod 2 (Qty: 13), 📦 Prod 3 (Qty: 32), 📦 Prod 4 (Qty: 90)
  Line 1: 💤 IDLE

END OF DAY STATUS:
  Prod 0 | Demand:  104 | Inventory:    0 | Backlog:    0
  Prod 1 | Demand:  144 | Inventory:    0 | Backlog:    0
  Prod 2 | Demand:   13 | Inventory:    0 | Backlog:    0
  Prod 3 | Demand:   32 | Inventory:    0 | Backlog:    0
  Prod 4 | Demand:   90 | Inventory:    0 | Backlog:    0
=====================================================================================

[ PERIOD 2 ] - Demand for today: [124, 79, 79, 45, 123]
--------------------------------------------------
MACHINE ACTIONS:
  Line 0: 📦 Prod 0 (Qty: 124), 📦 Prod 1 (Qty: 79), 📦 Prod 2 (Qty: 79), 📦 Prod 3 (Qty: 45), 📦 Prod 4 (Qty: 123)
  Line 1: 💤 IDLE

END OF DAY STATUS:
  Prod 0 | Demand:  124 | Inventory:    0 | Backlog:    0
  Prod 1 | Demand:   79 | Inventory:    0 | Backlog:    0
  Prod 2 | Demand:   79 | Inventory:    0 | Backlog:    0
  Prod 3 | Demand:   45 | Inventory:    0 | Backlog:    0
  Prod 4 | Demand:  123 | Inventory:    0 | Backlog:    0
=====================================================================================

[ PERIOD 3 ] - Demand for today: [123, 118, 75, 78, 41]
--------------------------------------------------
MACHINE ACTIONS:
  Line 0: 📦 Prod 0 (Qty: 123), 📦 Prod 1 (Qty: 120), 📦 Prod 2 (Qty: 75), 📦 Prod 3 (Qty: 78), 📦 Prod 4 (Qty: 41)
  Line 1: 💤 IDLE

END OF DAY STATUS:
  Prod 0 | Demand:  123 | Inventory:    0 | Backlog:    0
  Prod 1 | Demand:  118 | Inventory:    2 | Backlog:    0
  Prod 2 | Demand:   75 | Inventory:    0 | Backlog:    0
  Prod 3 | Demand:   78 | Inventory:    0 | Backlog:    0
  Prod 4 | Demand:   41 | Inventory:    0 | Backlog:    0
=====================================================================================

[ PERIOD 4 ] - Demand for today: [25, 2, 113, 25, 60]
--------------------------------------------------
MACHINE ACTIONS:
  Line 0: 📦 Prod 0 (Qty: 25), 📦 Prod 2 (Qty: 113), 📦 Prod 3 (Qty: 25), 📦 Prod 4 (Qty: 60)
  Line 1: 💤 IDLE

END OF DAY STATUS:
  Prod 0 | Demand:   25 | Inventory:    0 | Backlog:    0
  Prod 1 | Demand:    2 | Inventory:    0 | Backlog:    0
  Prod 2 | Demand:  113 | Inventory:    0 | Backlog:    0
  Prod 3 | Demand:   25 | Inventory:    0 | Backlog:    0
  Prod 4 | Demand:   60 | Inventory:    0 | Backlog:    0
=====================================================================================

=======================================================
 RH2 BASELINE FINAL RESULTS (Total Time: 6.0s)
=======================================================
  Inventory Cost    :  $      3.50
  Backlog Cost      :  $      0.00
  Production Cost   :  $   2060.67
  Setup Cost        :  $    453.19
  Maintenance Cost  :  $     13.72
-------------------------------------------------------
  TOTAL COST        :  $   2531.08
=======================================================

✅ Exported Expert Action Data to rh2_expert_data.json
