share_observation_space:  [Box(-inf, inf, (312,), float32), Box(-inf, inf, (312,), float32), Box(-inf, inf, (312,), float32)]
observation_space:  [Box(-inf, inf, (104,), float32), Box(-inf, inf, (104,), float32), Box(-inf, inf, (104,), float32)]
action_space:  [MultiDiscrete10, Discrete(7), Discrete(7)]
Using shared machine policy: agent 0 separate; agents 1..2 share.

 Scenario BOSCH Algo rmappo Exp benchmark_eval updates 0/5 episodes, total num timesteps 36/200, FPS 97.


[EVAL] BOSCH MARL Inference Solving Time for 36 periods: 0.0581 seconds
eval average episode rewards of agent0: -4.3447304
eval average episode rewards of agent1: -0.34249374
eval average episode rewards of agent2: -0.6586894
eval average episode costs: Backlog: 0.00, Inventory: 166.18, Maintenance: 32.40, Production: 3773.46, Setup: 777.78, TOTAL: 4749.82

[EVAL] BOSCH MARL Inference Solving Time for 36 periods: 0.0589 seconds
eval average episode rewards of agent0: -4.3447304
eval average episode rewards of agent1: -0.34249374
eval average episode rewards of agent2: -0.6586894
eval average episode costs: Backlog: 0.00, Inventory: 166.18, Maintenance: 32.40, Production: 3773.46, Setup: 777.78, TOTAL: 4749.82

[EVAL] BOSCH MARL Inference Solving Time for 36 periods: 0.0556 seconds
eval average episode rewards of agent0: -4.3469143
eval average episode rewards of agent1: -0.32445806
eval average episode rewards of agent2: -0.68545926
eval average episode costs: Backlog: 0.00, Inventory: 166.18, Maintenance: 32.40, Production: 3773.46, Setup: 782.15, TOTAL: 4754.19

[EVAL] BOSCH MARL Inference Solving Time for 36 periods: 0.0556 seconds
eval average episode rewards of agent0: -4.3199444
eval average episode rewards of agent1: -0.21658012
eval average episode rewards of agent2: -0.68545926
eval average episode costs: Backlog: 0.00, Inventory: 166.18, Maintenance: 32.40, Production: 3773.46, Setup: 728.21, TOTAL: 4700.25

[EVAL] BOSCH MARL Inference Solving Time for 36 periods: 0.0564 seconds
eval average episode rewards of agent0: -4.3199444
eval average episode rewards of agent1: -0.21658012
eval average episode rewards of agent2: -0.68545926
eval average episode costs: Backlog: 0.00, Inventory: 166.18, Maintenance: 32.40, Production: 3773.46, Setup: 728.21, TOTAL: 4700.25
