share_observation_space:  [Box(-inf, inf, (312,), float32), Box(-inf, inf, (312,), float32), Box(-inf, inf, (312,), float32)]
observation_space:  [Box(-inf, inf, (104,), float32), Box(-inf, inf, (104,), float32), Box(-inf, inf, (104,), float32)]
action_space:  [MultiDiscrete10, Discrete(7), Discrete(7)]
Using shared machine policy: agent 0 separate; agents 1..2 share.

 Scenario BOSCH Algo rmappo Exp benchmark_eval updates 0/5 episodes, total num timesteps 36/200, FPS 95.


[EVAL] BOSCH MARL Inference Solving Time for 36 periods: 0.0591 seconds
eval average episode rewards of agent0: -2.3408093
eval average episode rewards of agent1: -0.45134938
eval average episode rewards of agent2: -0.68725413
eval average episode costs: Backlog: 0.00, Inventory: 0.00, Maintenance: 11.15, Production: 2016.41, Setup: 637.65, TOTAL: 2665.21

[EVAL] BOSCH MARL Inference Solving Time for 36 periods: 0.0575 seconds
eval average episode rewards of agent0: -2.3346345
eval average episode rewards of agent1: -0.45134938
eval average episode rewards of agent2: -0.66490334
eval average episode costs: Backlog: 0.00, Inventory: 0.00, Maintenance: 11.15, Production: 2016.41, Setup: 625.30, TOTAL: 2652.86

[EVAL] BOSCH MARL Inference Solving Time for 36 periods: 0.0597 seconds
eval average episode rewards of agent0: -2.3272414
eval average episode rewards of agent1: -0.45154575
eval average episode rewards of agent2: -0.6238083
eval average episode costs: Backlog: 0.00, Inventory: 0.00, Maintenance: 11.15, Production: 2016.41, Setup: 610.52, TOTAL: 2638.07

[EVAL] BOSCH MARL Inference Solving Time for 36 periods: 0.0566 seconds
eval average episode rewards of agent0: -2.3272414
eval average episode rewards of agent1: -0.45154575
eval average episode rewards of agent2: -0.6238083
eval average episode costs: Backlog: 0.00, Inventory: 0.00, Maintenance: 11.15, Production: 2016.41, Setup: 610.52, TOTAL: 2638.07

[EVAL] BOSCH MARL Inference Solving Time for 36 periods: 0.0566 seconds
eval average episode rewards of agent0: -2.3340511
eval average episode rewards of agent1: -0.45282924
eval average episode rewards of agent2: -0.6532914
eval average episode costs: Backlog: 0.00, Inventory: 0.00, Maintenance: 11.15, Production: 2016.41, Setup: 624.14, TOTAL: 2651.69
