share_observation_space:  [Box(-inf, inf, (312,), float32), Box(-inf, inf, (312,), float32), Box(-inf, inf, (312,), float32)]
observation_space:  [Box(-inf, inf, (104,), float32), Box(-inf, inf, (104,), float32), Box(-inf, inf, (104,), float32)]
action_space:  [MultiDiscrete10, Discrete(7), Discrete(7)]
Using shared machine policy: agent 0 separate; agents 1..2 share.

 Scenario BOSCH Algo rmappo Exp benchmark_eval updates 0/5 episodes, total num timesteps 36/200, FPS 79.


[EVAL] BOSCH MARL Inference Solving Time for 36 periods: 0.0675 seconds
eval average episode rewards of agent0: -3.060578
eval average episode rewards of agent1: -0.4574795
eval average episode rewards of agent2: -0.627548
eval average episode costs: Backlog: 0.00, Inventory: 0.00, Maintenance: 18.91, Production: 2725.88, Setup: 650.48, TOTAL: 3395.27

[EVAL] BOSCH MARL Inference Solving Time for 36 periods: 0.0683 seconds
eval average episode rewards of agent0: -3.060578
eval average episode rewards of agent1: -0.4574795
eval average episode rewards of agent2: -0.627548
eval average episode costs: Backlog: 0.00, Inventory: 0.00, Maintenance: 18.91, Production: 2725.88, Setup: 650.48, TOTAL: 3395.27

[EVAL] BOSCH MARL Inference Solving Time for 36 periods: 0.0626 seconds
eval average episode rewards of agent0: -3.0565934
eval average episode rewards of agent1: -0.4588121
eval average episode rewards of agent2: -0.6088399
eval average episode costs: Backlog: 0.00, Inventory: 0.00, Maintenance: 18.91, Production: 2725.88, Setup: 642.51, TOTAL: 3387.30

[EVAL] BOSCH MARL Inference Solving Time for 36 periods: 0.0634 seconds
eval average episode rewards of agent0: -3.0565934
eval average episode rewards of agent1: -0.4588121
eval average episode rewards of agent2: -0.6088399
eval average episode costs: Backlog: 0.00, Inventory: 0.00, Maintenance: 18.91, Production: 2725.88, Setup: 642.51, TOTAL: 3387.30

[EVAL] BOSCH MARL Inference Solving Time for 36 periods: 0.0610 seconds
eval average episode rewards of agent0: -3.0588899
eval average episode rewards of agent1: -0.43677327
eval average episode rewards of agent2: -0.6292267
eval average episode costs: Backlog: 0.00, Inventory: 0.00, Maintenance: 18.91, Production: 2725.88, Setup: 647.10, TOTAL: 3391.90
